SQL> create or replace PACKAGE log AS
  2  	 G_SEVERE	CONSTANT PLS_INTEGER := 1 ;
  3  	 G_WARNING	CONSTANT PLS_INTEGER := 2 ;
  4  	 G_INFO 	CONSTANT PLS_INTEGER := 4 ;
  5  	 G_SNAP 	CONSTANT PLS_INTEGER := 5 ;
  6  	 G_ENTERING	CONSTANT PLS_INTEGER := 6 ;
  7  	 G_EXITING	CONSTANT PLS_INTEGER := 6 ;
  8  	 G_FINE 	CONSTANT PLS_INTEGER := 7 ;
  9  	 G_FINER	CONSTANT PLS_INTEGER := 8 ;
 10  	 G_FINEST	CONSTANT PLS_INTEGER := 9 ;
 11  	 G_NONE 	CONSTANT PLS_INTEGER := 10 ;
 12  
 13  	 function format_time(p_timestamp in timestamp)
 14  	 return varchar;
 15  
 16  	 procedure set_filter_level (p_level in pls_integer);
 17  
 18  	 function get_new_job_log_id
 19  	 return number;
 20  
 21  	 function begin_job (
 22  	     p_process_name in varchar,
 23  	     p_log_set	 in varchar default null,
 24  	     p_classname    in varchar default null,
 25  	     p_module_name  in varchar default null,
 26  	     p_status_msg   in varchar default null,
 27  	     p_thread_name  in varchar default null,
 28  	     logfile_name   in varchar default null,
 29  	     p_log_level in pls_integer default G_INFO,
 30  	     p_trace_level  in pls_integer default G_INFO)
 31  	 return varchar;
 32  
 33  	 procedure end_job;
 34  
 35  	 procedure abort_job(p_stacktrace in varchar default null);
 36  
 37  	 procedure set_action (p_action in	  varchar) ;
 38  
 39  	 procedure set_module (
 40  	     p_module_name in	     varchar,
 41  	     p_action_name in	varchar
 42  	 );
 43  
 44  	 function get_my_tracefile
 45  	 return clob ;
 46  
 47  	 function get_directory_path
 48  	 return varchar;
 49  
 50  	 function get_tracefile(p_file_name in varchar)
 51  	 return clob;
 52  
 53  	 function get_my_tracefile_name
 54  	 return varchar;
 55  
 56  	 function basename (p_full_path in varchar,
 57  			    p_suffix	in varchar default null,
 58  			    p_separator in char default '/')
 59  	 return varchar;
 60  
 61  	 procedure prepare_connection;
 62  
 63  	 procedure trace_step(p_step_name in varchar, p_job_step_id in number);
 64  
 65  	 function set_tracefile_identifier(p_job_nbr in number)
 66  	 return varchar;
 67  
 68  
 69    procedure log (
 70  	   p_log_msg	  in   varchar,
 71  	   p_log_level	  in   pls_integer default g_info,
 72  	   p_job_log_id   in   pls_integer default null,
 73  	   p_job_msg_id   in   pls_integer default null,
 74  	   p_elapsed_time in   INTERVAL DAY TO SECOND DEFAULT NULL, -- TODO not recorded at this time
 75  	   p_caller_name  in   varchar default null,
 76  	   p_line_number  in   pls_integer default null,
 77  	   p_dump_stack   in   boolean default false
 78  	);
 79  
 80  END log ;
 81  /

Package created.

SQL> exit
